17:29:24 **** Incremental Build of configuration Debug for project Button_Test2 ****
make -j4 all 
arm-none-eabi-gcc "../Core/Src/main.c" -mcpu=cortex-m4 -std=gnu11 -g3 -DDEBUG -DUSE_HAL_DRIVER -DSTM32F401xE -c -I../Core/Inc -I../Drivers/STM32F4xx_HAL_Driver/Inc -I../Drivers/STM32F4xx_HAL_Driver/Inc/Legacy -I../Drivers/CMSIS/Device/ST/STM32F4xx/Include -I../Drivers/CMSIS/Include -O0 -ffunction-sections -fdata-sections -Wall -fstack-usage -MMD -MP -MF"Core/Src/main.d" -MT"Core/Src/main.o" --specs=nano.specs -mfpu=fpv4-sp-d16 -mfloat-abi=hard -mthumb -o "Core/Src/main.o"
arm-none-eabi-gcc -o "Button_Test2.elf" @"objects.list"   -mcpu=cortex-m4 -T"E:\01_project\NUCLEOF401\F401_Push_Test\Button_Test_02\STM32F401RETX_FLASH.ld" --specs=nosys.specs -Wl,-Map="Button_Test2.map" -Wl,--gc-sections -static --specs=nano.specs -mfpu=fpv4-sp-d16 -mfloat-abi=hard -mthumb -Wl,--start-group -lc -lm -Wl,--end-group
Finished building target: Button_Test2.elf
 
arm-none-eabi-size   Button_Test2.elf 
arm-none-eabi-objdump -h -S  Button_Test2.elf  > "Button_Test2.list"
arm-none-eabi-objcopy  -O binary  Button_Test2.elf  "Button_Test2.bin"
   text	   data	    bss	    dec	    hex	filename
   7356	     20	   1636	   9012	   2334	Button_Test2.elf
Finished building: default.size.stdout
Finished building: Button_Test2.bin
 
 
Finished building: Button_Test2.list
 
17:29:44 **** Incremental Build of configuration Debug for project Button_Test2 ****
make -j4 all 
arm-none-eabi-size   Button_Test2.elf 
   text	   data	    bss	    dec	    hex	filename
   7356	     20	   1636	   9012	   2334	Button_Test2.elf
Finished building: default.size.stdout
 
17:31:17 **** Incremental Build of configuration Debug for project Button_Test2 ****
make -j4 all 
arm-none-eabi-size   Button_Test2.elf 
   text	   data	    bss	    dec	    hex	filename
   7356	     20	   1636	   9012	   2334	Button_Test2.elf
Finished building: default.size.stdout
 
