13:41:52 **** Incremental Build of configuration Debug for project F401_ADC_Test01 ****
make -j4 all 
arm-none-eabi-gcc "../Core/Src/main.c" -mcpu=cortex-m4 -std=gnu11 -g3 -DDEBUG -DUSE_HAL_DRIVER -DSTM32F401xE -c -I../Core/Inc -I../Drivers/STM32F4xx_HAL_Driver/Inc -I../Drivers/STM32F4xx_HAL_Driver/Inc/Legacy -I../Drivers/CMSIS/Device/ST/STM32F4xx/Include -I../Drivers/CMSIS/Include -O0 -ffunction-sections -fdata-sections -Wall -fstack-usage -MMD -MP -MF"Core/Src/main.d" -MT"Core/Src/main.o" --specs=nano.specs -mfpu=fpv4-sp-d16 -mfloat-abi=hard -mthumb -o "Core/Src/main.o"
arm-none-eabi-gcc "../Core/Src/stm32f4xx_it.c" -mcpu=cortex-m4 -std=gnu11 -g3 -DDEBUG -DUSE_HAL_DRIVER -DSTM32F401xE -c -I../Core/Inc -I../Drivers/STM32F4xx_HAL_Driver/Inc -I../Drivers/STM32F4xx_HAL_Driver/Inc/Legacy -I../Drivers/CMSIS/Device/ST/STM32F4xx/Include -I../Drivers/CMSIS/Include -O0 -ffunction-sections -fdata-sections -Wall -fstack-usage -MMD -MP -MF"Core/Src/stm32f4xx_it.d" -MT"Core/Src/stm32f4xx_it.o" --specs=nano.specs -mfpu=fpv4-sp-d16 -mfloat-abi=hard -mthumb -o "Core/Src/stm32f4xx_it.o"
arm-none-eabi-gcc "../Core/Src/system_stm32f4xx.c" -mcpu=cortex-m4 -std=gnu11 -g3 -DDEBUG -DUSE_HAL_DRIVER -DSTM32F401xE -c -I../Core/Inc -I../Drivers/STM32F4xx_HAL_Driver/Inc -I../Drivers/STM32F4xx_HAL_Driver/Inc/Legacy -I../Drivers/CMSIS/Device/ST/STM32F4xx/Include -I../Drivers/CMSIS/Include -O0 -ffunction-sections -fdata-sections -Wall -fstack-usage -MMD -MP -MF"Core/Src/system_stm32f4xx.d" -MT"Core/Src/system_stm32f4xx.o" --specs=nano.specs -mfpu=fpv4-sp-d16 -mfloat-abi=hard -mthumb -o "Core/Src/system_stm32f4xx.o"
arm-none-eabi-gcc -o "F401_ADC_Test01.elf" @"objects.list"   -mcpu=cortex-m4 -T"C:\02_My Project\GitHub\STM32F401_Project\F401_ADC\F401_ADC_Test01\STM32F401RETX_FLASH.ld" --specs=nosys.specs -Wl,-Map="F401_ADC_Test01.map" -Wl,--gc-sections -static --specs=nano.specs -mfpu=fpv4-sp-d16 -mfloat-abi=hard -mthumb -Wl,--start-group -lc -lm -Wl,--end-group
Finished building target: F401_ADC_Test01.elf
 
arm-none-eabi-size   F401_ADC_Test01.elf 
arm-none-eabi-objdump -h -S  F401_ADC_Test01.elf  > "F401_ADC_Test01.list"
arm-none-eabi-objcopy  -O binary  F401_ADC_Test01.elf  "F401_ADC_Test01.bin"
   text	   data	    bss	    dec	    hex	filename
  12100	     20	   1732	  13852	   361c	F401_ADC_Test01.elf
Finished building: default.size.stdout
 
Finished building: F401_ADC_Test01.bin
 
Finished building: F401_ADC_Test01.list
 
13:42:03 **** Incremental Build of configuration Debug for project F401_ADC_Test01 ****
make -j4 all 
arm-none-eabi-size   F401_ADC_Test01.elf 
   text	   data	    bss	    dec	    hex	filename
  12100	     20	   1732	  13852	   361c	F401_ADC_Test01.elf
Finished building: default.size.stdout
 
