13:26:16 **** Incremental Build of configuration Debug for project F401_TIM_Toggle_test ****
make -j4 all 
arm-none-eabi-gcc "../Core/Src/main.c" -mcpu=cortex-m4 -std=gnu11 -g3 -DDEBUG -DUSE_HAL_DRIVER -DSTM32F401xE -c -I../Core/Inc -I../Drivers/STM32F4xx_HAL_Driver/Inc -I../Drivers/STM32F4xx_HAL_Driver/Inc/Legacy -I../Drivers/CMSIS/Device/ST/STM32F4xx/Include -I../Drivers/CMSIS/Include -O0 -ffunction-sections -fdata-sections -Wall -fstack-usage -MMD -MP -MF"Core/Src/main.d" -MT"Core/Src/main.o" --specs=nano.specs -mfpu=fpv4-sp-d16 -mfloat-abi=hard -mthumb -o "Core/Src/main.o"
arm-none-eabi-gcc -o "F401_TIM_Toggle_test.elf" @"objects.list"   -mcpu=cortex-m4 -T"C:\02_My Project\01_MCU\Project\STM32F4_TEST\STM32F401\F401_TIM_Toggle\F401_TIM_Toggle_test\STM32F401RETX_FLASH.ld" --specs=nosys.specs -Wl,-Map="F401_TIM_Toggle_test.map" -Wl,--gc-sections -static --specs=nano.specs -mfpu=fpv4-sp-d16 -mfloat-abi=hard -mthumb -Wl,--start-group -lc -lm -Wl,--end-group
Finished building target: F401_TIM_Toggle_test.elf
 
arm-none-eabi-size   F401_TIM_Toggle_test.elf 
arm-none-eabi-objdump -h -S  F401_TIM_Toggle_test.elf  > "F401_TIM_Toggle_test.list"
arm-none-eabi-objcopy  -O binary  F401_TIM_Toggle_test.elf  "F401_TIM_Toggle_test.bin"
   text	   data	    bss	    dec	    hex	filename
   8492	     20	   1644	  10156	   27ac	F401_TIM_Toggle_test.elf
Finished building: default.size.stdout
 
Finished building: F401_TIM_Toggle_test.bin
Finished building: F401_TIM_Toggle_test.list
 
 

13:26:18 Build Finished. 0 errors, 0 warnings. (took 2s.265ms)

