13:01:55 **** Build of configuration Debug for project F401_I2C_test01 ****
make -j4 all 
arm-none-eabi-gcc "../Core/Src/main.c" -mcpu=cortex-m4 -std=gnu11 -g3 -DDEBUG -DUSE_HAL_DRIVER -DSTM32F401xE -c -I../Core/Inc -I../Drivers/STM32F4xx_HAL_Driver/Inc -I../Drivers/STM32F4xx_HAL_Driver/Inc/Legacy -I../Drivers/CMSIS/Device/ST/STM32F4xx/Include -I../Drivers/CMSIS/Include -O0 -ffunction-sections -fdata-sections -Wall -fstack-usage -MMD -MP -MF"Core/Src/main.d" -MT"Core/Src/main.o" --specs=nano.specs -mfpu=fpv4-sp-d16 -mfloat-abi=hard -mthumb -o "Core/Src/main.o"
arm-none-eabi-gcc -o "F401_I2C_test01.elf" @"objects.list"   -mcpu=cortex-m4 -T"C:\02_My Project\GitHub\STM32F401_Project\F401_I2C\F401_I2C_test01\STM32F401RETX_FLASH.ld" --specs=nosys.specs -Wl,-Map="F401_I2C_test01.map" -Wl,--gc-sections -static --specs=nano.specs -mfpu=fpv4-sp-d16 -mfloat-abi=hard -mthumb -Wl,--start-group -lc -lm -Wl,--end-group
Finished building target: F401_I2C_test01.elf
 
arm-none-eabi-size   F401_I2C_test01.elf 
arm-none-eabi-objdump -h -S  F401_I2C_test01.elf  > "F401_I2C_test01.list"
arm-none-eabi-objcopy  -O binary  F401_I2C_test01.elf  "F401_I2C_test01.bin"
   text	   data	    bss	    dec	    hex	filename
  22748	     28	   1748	  24524	   5fcc	F401_I2C_test01.elf
Finished building: default.size.stdout
 
Finished building: F401_I2C_test01.bin
 
Finished building: F401_I2C_test01.list
 
13:04:21 **** Incremental Build of configuration Debug for project F401_I2C_test01 ****
make -j4 all 
arm-none-eabi-size   F401_I2C_test01.elf 
   text	   data	    bss	    dec	    hex	filename
  22748	     28	   1748	  24524	   5fcc	F401_I2C_test01.elf
Finished building: default.size.stdout
 
13:06:26 **** Incremental Build of configuration Debug for project F401_I2C_test01 ****
make -j4 all 
arm-none-eabi-gcc "../Core/Src/main.c" -mcpu=cortex-m4 -std=gnu11 -g3 -DDEBUG -DUSE_HAL_DRIVER -DSTM32F401xE -c -I../Core/Inc -I../Drivers/STM32F4xx_HAL_Driver/Inc -I../Drivers/STM32F4xx_HAL_Driver/Inc/Legacy -I../Drivers/CMSIS/Device/ST/STM32F4xx/Include -I../Drivers/CMSIS/Include -O0 -ffunction-sections -fdata-sections -Wall -fstack-usage -MMD -MP -MF"Core/Src/main.d" -MT"Core/Src/main.o" --specs=nano.specs -mfpu=fpv4-sp-d16 -mfloat-abi=hard -mthumb -o "Core/Src/main.o"
arm-none-eabi-gcc -o "F401_I2C_test01.elf" @"objects.list"   -mcpu=cortex-m4 -T"C:\02_My Project\GitHub\STM32F401_Project\F401_I2C\F401_I2C_test01\STM32F401RETX_FLASH.ld" --specs=nosys.specs -Wl,-Map="F401_I2C_test01.map" -Wl,--gc-sections -static --specs=nano.specs -mfpu=fpv4-sp-d16 -mfloat-abi=hard -mthumb -Wl,--start-group -lc -lm -Wl,--end-group
Finished building target: F401_I2C_test01.elf
 
arm-none-eabi-size   F401_I2C_test01.elf 
arm-none-eabi-objdump -h -S  F401_I2C_test01.elf  > "F401_I2C_test01.list"
arm-none-eabi-objcopy  -O binary  F401_I2C_test01.elf  "F401_I2C_test01.bin"
   text	   data	    bss	    dec	    hex	filename
  22748	     28	   1748	  24524	   5fcc	F401_I2C_test01.elf
Finished building: default.size.stdout
 
Finished building: F401_I2C_test01.bin
 
Finished building: F401_I2C_test01.list
 
13:08:16 **** Incremental Build of configuration Debug for project F401_I2C_test01 ****
make -j4 all 
arm-none-eabi-size   F401_I2C_test01.elf 
   text	   data	    bss	    dec	    hex	filename
  22748	     28	   1748	  24524	   5fcc	F401_I2C_test01.elf
Finished building: default.size.stdout
 
13:15:55 **** Incremental Build of configuration Debug for project F401_I2C_test01 ****
make -j4 all 
arm-none-eabi-gcc "../Core/Src/main.c" -mcpu=cortex-m4 -std=gnu11 -g3 -DDEBUG -DUSE_HAL_DRIVER -DSTM32F401xE -c -I../Core/Inc -I../Drivers/STM32F4xx_HAL_Driver/Inc -I../Drivers/STM32F4xx_HAL_Driver/Inc/Legacy -I../Drivers/CMSIS/Device/ST/STM32F4xx/Include -I../Drivers/CMSIS/Include -O0 -ffunction-sections -fdata-sections -Wall -fstack-usage -MMD -MP -MF"Core/Src/main.d" -MT"Core/Src/main.o" --specs=nano.specs -mfpu=fpv4-sp-d16 -mfloat-abi=hard -mthumb -o "Core/Src/main.o"
arm-none-eabi-gcc -o "F401_I2C_test01.elf" @"objects.list"   -mcpu=cortex-m4 -T"C:\02_My Project\GitHub\STM32F401_Project\F401_I2C\F401_I2C_test01\STM32F401RETX_FLASH.ld" --specs=nosys.specs -Wl,-Map="F401_I2C_test01.map" -Wl,--gc-sections -static --specs=nano.specs -mfpu=fpv4-sp-d16 -mfloat-abi=hard -mthumb -Wl,--start-group -lc -lm -Wl,--end-group
Finished building target: F401_I2C_test01.elf
 
arm-none-eabi-size   F401_I2C_test01.elf 
arm-none-eabi-objdump -h -S  F401_I2C_test01.elf  > "F401_I2C_test01.list"
arm-none-eabi-objcopy  -O binary  F401_I2C_test01.elf  "F401_I2C_test01.bin"
   text	   data	    bss	    dec	    hex	filename
  22748	     28	   1748	  24524	   5fcc	F401_I2C_test01.elf
Finished building: default.size.stdout
 
Finished building: F401_I2C_test01.bin
 
Finished building: F401_I2C_test01.list
 
