AEK_MOT_SM81M1.c:93:7:decimalToBinary	32	static
AEK_MOT_SM81M1.c:115:6:intToArrayMotor	16	static
AEK_MOT_SM81M1.c:131:6:ArrayToIntMotor	16	static
AEK_MOT_SM81M1.c:148:9:checkParityMotor	16	static
AEK_MOT_SM81M1.c:169:8:updateParityBitMotor	16	static
AEK_MOT_SM81M1.c:192:6:AEK_MOT_SM81M1drv_ReadSPIRegister	32	static
AEK_MOT_SM81M1.c:248:6:AEK_MOT_SM81M1drv_WriteSPIRegister	40	static
AEK_MOT_SM81M1.c:301:6:AEK_MOT_SM81M1drv_WriteSPIRegisterMOV	40	static
AEK_MOT_SM81M1.c:363:6:AEK_MOT_SM81M1drv_Read_Device_Info	40	static
AEK_MOT_SM81M1.c:392:6:AEK_MOT_SM81M1drv_ClearStausRegister	40	static
AEK_MOT_SM81M1.c:416:7:AEK_MOT_SM81M1drv_GetGlobalStatus	4	static
AEK_MOT_SM81M1.c:433:6:AEK_MOT_SM81M1drv_MotorStatus	16	static
AEK_MOT_SM81M1.c:452:6:AEK_MOT_SM81M1drv_ReadMessage	24	static
AEK_MOT_SM81M1.c:482:6:AEK_MOT_SM81M1drv_writeMessage	32	static
AEK_MOT_SM81M1.c:509:6:AEK_MOT_SM81M1drv_GlobalStatusRegister	24	static
AEK_MOT_SM81M1.c:566:6:AEK_MOT_SM81M1drv_GCR1	32	static
AEK_MOT_SM81M1.c:637:6:AEK_MOT_SM81M1drv_GCR2	32	static
AEK_MOT_SM81M1.c:681:6:AEK_MOT_SM81M1drv_Rotation	32	static
AEK_MOT_SM81M1.c:710:6:AEK_MOT_SM81M1drv_MCR1	32	static
AEK_MOT_SM81M1.c:779:6:AEK_MOT_SM81M1drv_MCR2	32	static
AEK_MOT_SM81M1.c:871:6:AEK_MOT_SM81M1drv_MCR3	32	static
AEK_MOT_SM81M1.c:907:6:AEK_MOT_SM81M1drv_MCV	32	static
AEK_MOT_SM81M1.c:935:6:AEK_MOT_SM81M1drv_VOLTAGE_TIMING	32	static
AEK_MOT_SM81M1.c:963:6:AEK_MOT_SM81M1drv_STALL_DETECTION	32	static
AEK_MOT_SM81M1.c:991:6:AEK_MOT_SM81M1drv_HOLD_MODE	32	static
AEK_MOT_SM81M1.c:1034:6:AEK_MOT_SM81M1drv_FULL_SCALE	32	static
AEK_MOT_SM81M1.c:1071:6:init_AEK_MOT_SM81M1	16	static
AEK_MOT_SM81M1.c:1101:6:TurnLeft	48	static
AEK_MOT_SM81M1.c:1125:6:TurnRight	48	static
AEK_MOT_SM81M1.c:1152:6:RotationGrade	32	static
AEK_MOT_SM81M1.c:1176:6:turnCounterclockwise	48	static
AEK_MOT_SM81M1.c:1246:6:turnClockwise	48	static
