09:55:47 **** Incremental Build of configuration Debug for project SPI_MOTOR ****
make -j4 all 
arm-none-eabi-gcc "../Core/Src/AEK_MOT_SM81M1.c" -mcpu=cortex-m4 -std=gnu11 -g3 -DDEBUG -DUSE_HAL_DRIVER -DSTM32F401xE -c -I../Core/Inc -I../Drivers/STM32F4xx_HAL_Driver/Inc -I../Drivers/STM32F4xx_HAL_Driver/Inc/Legacy -I../Drivers/CMSIS/Device/ST/STM32F4xx/Include -I../Drivers/CMSIS/Include -O0 -ffunction-sections -fdata-sections -Wall -fstack-usage -MMD -MP -MF"Core/Src/AEK_MOT_SM81M1.d" -MT"Core/Src/AEK_MOT_SM81M1.o" --specs=nano.specs -mfpu=fpv4-sp-d16 -mfloat-abi=hard -mthumb -o "Core/Src/AEK_MOT_SM81M1.o"
arm-none-eabi-gcc -o "SPI_MOTOR.elf" @"objects.list"   -mcpu=cortex-m4 -T"C:\02_My Project\GitHub\STM32F401_Project\F401_SPI\SPI_MOTOR\SPI_MOTOR\STM32F401RETX_FLASH.ld" --specs=nosys.specs -Wl,-Map="SPI_MOTOR.map" -Wl,--gc-sections -static --specs=nano.specs -mfpu=fpv4-sp-d16 -mfloat-abi=hard -mthumb -Wl,--start-group -lc -lm -Wl,--end-group
Finished building target: SPI_MOTOR.elf
 
arm-none-eabi-size   SPI_MOTOR.elf 
arm-none-eabi-objdump -h -S  SPI_MOTOR.elf  > "SPI_MOTOR.list"
arm-none-eabi-objcopy  -O binary  SPI_MOTOR.elf  "SPI_MOTOR.bin"
   text	   data	    bss	    dec	    hex	filename
   8484	     24	   1664	  10172	   27bc	SPI_MOTOR.elf
Finished building: default.size.stdout
 
Finished building: SPI_MOTOR.bin
Finished building: SPI_MOTOR.list
 
 
