main.c:139:6:NUM_SEG_DISPLAY	16	static
main.c:178:6:I2C1_FND_Calc	16	static
main.c:184:6:I2C1_Data_Calc	8	static
main.c:204:6:I2C1_Master_Data	16	static
main.c:219:6:I2C1_Communication_Ctrl	16	static
main.c:240:5:User_Button_Press_Release_Ctrl	16	static
main.c:268:5:main	8	static
main.c:318:6:SystemClock_Config	88	static
main.c:363:13:MX_I2C1_Init	8	static
main.c:397:13:MX_TIM3_Init	32	static
main.c:442:13:MX_GPIO_Init	40	static
main.c:500:6:HAL_TIM_PeriodElapsedCallback	16	static
main.c:522:6:Error_Handler	4	static,ignoring_inline_asm
