16:24:37 **** Incremental Build of configuration Debug for project F401_FND_TEST3 ****
make -j4 all 
arm-none-eabi-gcc "../Core/Src/main.c" -mcpu=cortex-m4 -std=gnu11 -g3 -DDEBUG -DUSE_HAL_DRIVER -DSTM32F401xE -c -I../Core/Inc -I../Drivers/STM32F4xx_HAL_Driver/Inc -I../Drivers/STM32F4xx_HAL_Driver/Inc/Legacy -I../Drivers/CMSIS/Device/ST/STM32F4xx/Include -I../Drivers/CMSIS/Include -O0 -ffunction-sections -fdata-sections -Wall -fstack-usage -MMD -MP -MF"Core/Src/main.d" -MT"Core/Src/main.o" --specs=nano.specs -mfpu=fpv4-sp-d16 -mfloat-abi=hard -mthumb -o "Core/Src/main.o"
arm-none-eabi-gcc "../Core/Src/sysmem.c" -mcpu=cortex-m4 -std=gnu11 -g3 -DDEBUG -DUSE_HAL_DRIVER -DSTM32F401xE -c -I../Core/Inc -I../Drivers/STM32F4xx_HAL_Driver/Inc -I../Drivers/STM32F4xx_HAL_Driver/Inc/Legacy -I../Drivers/CMSIS/Device/ST/STM32F4xx/Include -I../Drivers/CMSIS/Include -O0 -ffunction-sections -fdata-sections -Wall -fstack-usage -MMD -MP -MF"Core/Src/sysmem.d" -MT"Core/Src/sysmem.o" --specs=nano.specs -mfpu=fpv4-sp-d16 -mfloat-abi=hard -mthumb -o "Core/Src/sysmem.o"
arm-none-eabi-gcc "../Core/Src/system_stm32f4xx.c" -mcpu=cortex-m4 -std=gnu11 -g3 -DDEBUG -DUSE_HAL_DRIVER -DSTM32F401xE -c -I../Core/Inc -I../Drivers/STM32F4xx_HAL_Driver/Inc -I../Drivers/STM32F4xx_HAL_Driver/Inc/Legacy -I../Drivers/CMSIS/Device/ST/STM32F4xx/Include -I../Drivers/CMSIS/Include -O0 -ffunction-sections -fdata-sections -Wall -fstack-usage -MMD -MP -MF"Core/Src/system_stm32f4xx.d" -MT"Core/Src/system_stm32f4xx.o" --specs=nano.specs -mfpu=fpv4-sp-d16 -mfloat-abi=hard -mthumb -o "Core/Src/system_stm32f4xx.o"
arm-none-eabi-gcc -o "F401_FND_TEST3.elf" @"objects.list"   -mcpu=cortex-m4 -T"C:\02_My Project\01_MCU\Project\STM32F4_TEST\STM32F401\F401_FND\F401_FND_TEST3\STM32F401RETX_FLASH.ld" --specs=nosys.specs -Wl,-Map="F401_FND_TEST3.map" -Wl,--gc-sections -static --specs=nano.specs -mfpu=fpv4-sp-d16 -mfloat-abi=hard -mthumb -Wl,--start-group -lc -lm -Wl,--end-group
Finished building target: F401_FND_TEST3.elf
 
arm-none-eabi-size   F401_FND_TEST3.elf 
arm-none-eabi-objdump -h -S  F401_FND_TEST3.elf  > "F401_FND_TEST3.list"
arm-none-eabi-objcopy  -O binary  F401_FND_TEST3.elf  "F401_FND_TEST3.bin"
   text	   data	    bss	    dec	    hex	filename
   6992	     20	   1572	   8584	   2188	F401_FND_TEST3.elf
Finished building: default.size.stdout
 
Finished building: F401_FND_TEST3.list
Finished building: F401_FND_TEST3.bin
 
 
16:24:53 **** Incremental Build of configuration Debug for project F401_FND_TEST3 ****
make -j4 all 
arm-none-eabi-size   F401_FND_TEST3.elf 
   text	   data	    bss	    dec	    hex	filename
   6992	     20	   1572	   8584	   2188	F401_FND_TEST3.elf
Finished building: default.size.stdout
 
16:25:56 **** Incremental Build of configuration Debug for project F401_FND_TEST3 ****
make -j4 all 
arm-none-eabi-gcc "../Core/Src/main.c" -mcpu=cortex-m4 -std=gnu11 -g3 -DDEBUG -DUSE_HAL_DRIVER -DSTM32F401xE -c -I../Core/Inc -I../Drivers/STM32F4xx_HAL_Driver/Inc -I../Drivers/STM32F4xx_HAL_Driver/Inc/Legacy -I../Drivers/CMSIS/Device/ST/STM32F4xx/Include -I../Drivers/CMSIS/Include -O0 -ffunction-sections -fdata-sections -Wall -fstack-usage -MMD -MP -MF"Core/Src/main.d" -MT"Core/Src/main.o" --specs=nano.specs -mfpu=fpv4-sp-d16 -mfloat-abi=hard -mthumb -o "Core/Src/main.o"
arm-none-eabi-gcc -o "F401_FND_TEST3.elf" @"objects.list"   -mcpu=cortex-m4 -T"C:\02_My Project\01_MCU\Project\STM32F4_TEST\STM32F401\F401_FND\F401_FND_TEST3\STM32F401RETX_FLASH.ld" --specs=nosys.specs -Wl,-Map="F401_FND_TEST3.map" -Wl,--gc-sections -static --specs=nano.specs -mfpu=fpv4-sp-d16 -mfloat-abi=hard -mthumb -Wl,--start-group -lc -lm -Wl,--end-group
Finished building target: F401_FND_TEST3.elf
 
arm-none-eabi-size   F401_FND_TEST3.elf 
arm-none-eabi-objdump -h -S  F401_FND_TEST3.elf  > "F401_FND_TEST3.list"
arm-none-eabi-objcopy  -O binary  F401_FND_TEST3.elf  "F401_FND_TEST3.bin"
   text	   data	    bss	    dec	    hex	filename
   6992	     20	   1572	   8584	   2188	F401_FND_TEST3.elf
Finished building: default.size.stdout
 
Finished building: F401_FND_TEST3.bin
Finished building: F401_FND_TEST3.list
 
 
16:26:54 **** Incremental Build of configuration Debug for project F401_FND_TEST3 ****
make -j4 all 
arm-none-eabi-gcc "../Core/Src/main.c" -mcpu=cortex-m4 -std=gnu11 -g3 -DDEBUG -DUSE_HAL_DRIVER -DSTM32F401xE -c -I../Core/Inc -I../Drivers/STM32F4xx_HAL_Driver/Inc -I../Drivers/STM32F4xx_HAL_Driver/Inc/Legacy -I../Drivers/CMSIS/Device/ST/STM32F4xx/Include -I../Drivers/CMSIS/Include -O0 -ffunction-sections -fdata-sections -Wall -fstack-usage -MMD -MP -MF"Core/Src/main.d" -MT"Core/Src/main.o" --specs=nano.specs -mfpu=fpv4-sp-d16 -mfloat-abi=hard -mthumb -o "Core/Src/main.o"
arm-none-eabi-gcc -o "F401_FND_TEST3.elf" @"objects.list"   -mcpu=cortex-m4 -T"C:\02_My Project\01_MCU\Project\STM32F4_TEST\STM32F401\F401_FND\F401_FND_TEST3\STM32F401RETX_FLASH.ld" --specs=nosys.specs -Wl,-Map="F401_FND_TEST3.map" -Wl,--gc-sections -static --specs=nano.specs -mfpu=fpv4-sp-d16 -mfloat-abi=hard -mthumb -Wl,--start-group -lc -lm -Wl,--end-group
Finished building target: F401_FND_TEST3.elf
 
arm-none-eabi-size   F401_FND_TEST3.elf 
arm-none-eabi-objdump -h -S  F401_FND_TEST3.elf  > "F401_FND_TEST3.list"
arm-none-eabi-objcopy  -O binary  F401_FND_TEST3.elf  "F401_FND_TEST3.bin"
   text	   data	    bss	    dec	    hex	filename
   6992	     20	   1572	   8584	   2188	F401_FND_TEST3.elf
Finished building: default.size.stdout
 
Finished building: F401_FND_TEST3.bin
 
Finished building: F401_FND_TEST3.list
 
16:27:56 **** Incremental Build of configuration Debug for project F401_FND_TEST3 ****
make -j4 all 
arm-none-eabi-gcc "../Core/Src/main.c" -mcpu=cortex-m4 -std=gnu11 -g3 -DDEBUG -DUSE_HAL_DRIVER -DSTM32F401xE -c -I../Core/Inc -I../Drivers/STM32F4xx_HAL_Driver/Inc -I../Drivers/STM32F4xx_HAL_Driver/Inc/Legacy -I../Drivers/CMSIS/Device/ST/STM32F4xx/Include -I../Drivers/CMSIS/Include -O0 -ffunction-sections -fdata-sections -Wall -fstack-usage -MMD -MP -MF"Core/Src/main.d" -MT"Core/Src/main.o" --specs=nano.specs -mfpu=fpv4-sp-d16 -mfloat-abi=hard -mthumb -o "Core/Src/main.o"
arm-none-eabi-gcc -o "F401_FND_TEST3.elf" @"objects.list"   -mcpu=cortex-m4 -T"C:\02_My Project\01_MCU\Project\STM32F4_TEST\STM32F401\F401_FND\F401_FND_TEST3\STM32F401RETX_FLASH.ld" --specs=nosys.specs -Wl,-Map="F401_FND_TEST3.map" -Wl,--gc-sections -static --specs=nano.specs -mfpu=fpv4-sp-d16 -mfloat-abi=hard -mthumb -Wl,--start-group -lc -lm -Wl,--end-group
Finished building target: F401_FND_TEST3.elf
 
arm-none-eabi-size   F401_FND_TEST3.elf 
arm-none-eabi-objdump -h -S  F401_FND_TEST3.elf  > "F401_FND_TEST3.list"
arm-none-eabi-objcopy  -O binary  F401_FND_TEST3.elf  "F401_FND_TEST3.bin"
   text	   data	    bss	    dec	    hex	filename
   6992	     20	   1572	   8584	   2188	F401_FND_TEST3.elf
Finished building: default.size.stdout
 
Finished building: F401_FND_TEST3.bin
Finished building: F401_FND_TEST3.list
 
 
16:29:07 **** Incremental Build of configuration Debug for project F401_FND_TEST3 ****
make -j4 all 
arm-none-eabi-gcc "../Core/Src/main.c" -mcpu=cortex-m4 -std=gnu11 -g3 -DDEBUG -DUSE_HAL_DRIVER -DSTM32F401xE -c -I../Core/Inc -I../Drivers/STM32F4xx_HAL_Driver/Inc -I../Drivers/STM32F4xx_HAL_Driver/Inc/Legacy -I../Drivers/CMSIS/Device/ST/STM32F4xx/Include -I../Drivers/CMSIS/Include -O0 -ffunction-sections -fdata-sections -Wall -fstack-usage -MMD -MP -MF"Core/Src/main.d" -MT"Core/Src/main.o" --specs=nano.specs -mfpu=fpv4-sp-d16 -mfloat-abi=hard -mthumb -o "Core/Src/main.o"
arm-none-eabi-gcc -o "F401_FND_TEST3.elf" @"objects.list"   -mcpu=cortex-m4 -T"C:\02_My Project\01_MCU\Project\STM32F4_TEST\STM32F401\F401_FND\F401_FND_TEST3\STM32F401RETX_FLASH.ld" --specs=nosys.specs -Wl,-Map="F401_FND_TEST3.map" -Wl,--gc-sections -static --specs=nano.specs -mfpu=fpv4-sp-d16 -mfloat-abi=hard -mthumb -Wl,--start-group -lc -lm -Wl,--end-group
Finished building target: F401_FND_TEST3.elf
 
arm-none-eabi-size   F401_FND_TEST3.elf 
arm-none-eabi-objdump -h -S  F401_FND_TEST3.elf  > "F401_FND_TEST3.list"
arm-none-eabi-objcopy  -O binary  F401_FND_TEST3.elf  "F401_FND_TEST3.bin"
   text	   data	    bss	    dec	    hex	filename
   6992	     20	   1572	   8584	   2188	F401_FND_TEST3.elf
Finished building: default.size.stdout
 
Finished building: F401_FND_TEST3.bin
Finished building: F401_FND_TEST3.list
 
 
16:29:31 **** Incremental Build of configuration Debug for project F401_FND_TEST3 ****
make -j4 all 
arm-none-eabi-gcc "../Core/Src/main.c" -mcpu=cortex-m4 -std=gnu11 -g3 -DDEBUG -DUSE_HAL_DRIVER -DSTM32F401xE -c -I../Core/Inc -I../Drivers/STM32F4xx_HAL_Driver/Inc -I../Drivers/STM32F4xx_HAL_Driver/Inc/Legacy -I../Drivers/CMSIS/Device/ST/STM32F4xx/Include -I../Drivers/CMSIS/Include -O0 -ffunction-sections -fdata-sections -Wall -fstack-usage -MMD -MP -MF"Core/Src/main.d" -MT"Core/Src/main.o" --specs=nano.specs -mfpu=fpv4-sp-d16 -mfloat-abi=hard -mthumb -o "Core/Src/main.o"
arm-none-eabi-gcc -o "F401_FND_TEST3.elf" @"objects.list"   -mcpu=cortex-m4 -T"C:\02_My Project\01_MCU\Project\STM32F4_TEST\STM32F401\F401_FND\F401_FND_TEST3\STM32F401RETX_FLASH.ld" --specs=nosys.specs -Wl,-Map="F401_FND_TEST3.map" -Wl,--gc-sections -static --specs=nano.specs -mfpu=fpv4-sp-d16 -mfloat-abi=hard -mthumb -Wl,--start-group -lc -lm -Wl,--end-group
Finished building target: F401_FND_TEST3.elf
 
arm-none-eabi-size   F401_FND_TEST3.elf 
arm-none-eabi-objdump -h -S  F401_FND_TEST3.elf  > "F401_FND_TEST3.list"
arm-none-eabi-objcopy  -O binary  F401_FND_TEST3.elf  "F401_FND_TEST3.bin"
   text	   data	    bss	    dec	    hex	filename
   6992	     20	   1572	   8584	   2188	F401_FND_TEST3.elf
Finished building: default.size.stdout
 
Finished building: F401_FND_TEST3.bin
Finished building: F401_FND_TEST3.list
 
 
16:30:56 **** Incremental Build of configuration Debug for project F401_FND_TEST3 ****
make -j4 all 
arm-none-eabi-gcc "../Core/Src/main.c" -mcpu=cortex-m4 -std=gnu11 -g3 -DDEBUG -DUSE_HAL_DRIVER -DSTM32F401xE -c -I../Core/Inc -I../Drivers/STM32F4xx_HAL_Driver/Inc -I../Drivers/STM32F4xx_HAL_Driver/Inc/Legacy -I../Drivers/CMSIS/Device/ST/STM32F4xx/Include -I../Drivers/CMSIS/Include -O0 -ffunction-sections -fdata-sections -Wall -fstack-usage -MMD -MP -MF"Core/Src/main.d" -MT"Core/Src/main.o" --specs=nano.specs -mfpu=fpv4-sp-d16 -mfloat-abi=hard -mthumb -o "Core/Src/main.o"
arm-none-eabi-gcc -o "F401_FND_TEST3.elf" @"objects.list"   -mcpu=cortex-m4 -T"C:\02_My Project\01_MCU\Project\STM32F4_TEST\STM32F401\F401_FND\F401_FND_TEST3\STM32F401RETX_FLASH.ld" --specs=nosys.specs -Wl,-Map="F401_FND_TEST3.map" -Wl,--gc-sections -static --specs=nano.specs -mfpu=fpv4-sp-d16 -mfloat-abi=hard -mthumb -Wl,--start-group -lc -lm -Wl,--end-group
Finished building target: F401_FND_TEST3.elf
 
arm-none-eabi-size   F401_FND_TEST3.elf 
arm-none-eabi-objdump -h -S  F401_FND_TEST3.elf  > "F401_FND_TEST3.list"
arm-none-eabi-objcopy  -O binary  F401_FND_TEST3.elf  "F401_FND_TEST3.bin"
   text	   data	    bss	    dec	    hex	filename
   6992	     20	   1572	   8584	   2188	F401_FND_TEST3.elf
Finished building: default.size.stdout
 
Finished building: F401_FND_TEST3.bin
Finished building: F401_FND_TEST3.list
 
 
16:31:33 **** Incremental Build of configuration Debug for project F401_FND_TEST3 ****
make -j4 all 
arm-none-eabi-gcc "../Core/Src/main.c" -mcpu=cortex-m4 -std=gnu11 -g3 -DDEBUG -DUSE_HAL_DRIVER -DSTM32F401xE -c -I../Core/Inc -I../Drivers/STM32F4xx_HAL_Driver/Inc -I../Drivers/STM32F4xx_HAL_Driver/Inc/Legacy -I../Drivers/CMSIS/Device/ST/STM32F4xx/Include -I../Drivers/CMSIS/Include -O0 -ffunction-sections -fdata-sections -Wall -fstack-usage -MMD -MP -MF"Core/Src/main.d" -MT"Core/Src/main.o" --specs=nano.specs -mfpu=fpv4-sp-d16 -mfloat-abi=hard -mthumb -o "Core/Src/main.o"
arm-none-eabi-gcc -o "F401_FND_TEST3.elf" @"objects.list"   -mcpu=cortex-m4 -T"C:\02_My Project\01_MCU\Project\STM32F4_TEST\STM32F401\F401_FND\F401_FND_TEST3\STM32F401RETX_FLASH.ld" --specs=nosys.specs -Wl,-Map="F401_FND_TEST3.map" -Wl,--gc-sections -static --specs=nano.specs -mfpu=fpv4-sp-d16 -mfloat-abi=hard -mthumb -Wl,--start-group -lc -lm -Wl,--end-group
Finished building target: F401_FND_TEST3.elf
 
arm-none-eabi-size   F401_FND_TEST3.elf 
arm-none-eabi-objdump -h -S  F401_FND_TEST3.elf  > "F401_FND_TEST3.list"
arm-none-eabi-objcopy  -O binary  F401_FND_TEST3.elf  "F401_FND_TEST3.bin"
   text	   data	    bss	    dec	    hex	filename
   6992	     20	   1572	   8584	   2188	F401_FND_TEST3.elf
Finished building: default.size.stdout
 
Finished building: F401_FND_TEST3.bin
Finished building: F401_FND_TEST3.list
 
 
16:32:36 **** Incremental Build of configuration Debug for project F401_FND_TEST3 ****
make -j4 all 
arm-none-eabi-gcc "../Core/Src/main.c" -mcpu=cortex-m4 -std=gnu11 -g3 -DDEBUG -DUSE_HAL_DRIVER -DSTM32F401xE -c -I../Core/Inc -I../Drivers/STM32F4xx_HAL_Driver/Inc -I../Drivers/STM32F4xx_HAL_Driver/Inc/Legacy -I../Drivers/CMSIS/Device/ST/STM32F4xx/Include -I../Drivers/CMSIS/Include -O0 -ffunction-sections -fdata-sections -Wall -fstack-usage -MMD -MP -MF"Core/Src/main.d" -MT"Core/Src/main.o" --specs=nano.specs -mfpu=fpv4-sp-d16 -mfloat-abi=hard -mthumb -o "Core/Src/main.o"
arm-none-eabi-gcc -o "F401_FND_TEST3.elf" @"objects.list"   -mcpu=cortex-m4 -T"C:\02_My Project\01_MCU\Project\STM32F4_TEST\STM32F401\F401_FND\F401_FND_TEST3\STM32F401RETX_FLASH.ld" --specs=nosys.specs -Wl,-Map="F401_FND_TEST3.map" -Wl,--gc-sections -static --specs=nano.specs -mfpu=fpv4-sp-d16 -mfloat-abi=hard -mthumb -Wl,--start-group -lc -lm -Wl,--end-group
Finished building target: F401_FND_TEST3.elf
 
arm-none-eabi-size   F401_FND_TEST3.elf 
arm-none-eabi-objdump -h -S  F401_FND_TEST3.elf  > "F401_FND_TEST3.list"
arm-none-eabi-objcopy  -O binary  F401_FND_TEST3.elf  "F401_FND_TEST3.bin"
   text	   data	    bss	    dec	    hex	filename
   6984	     20	   1572	   8576	   2180	F401_FND_TEST3.elf
Finished building: default.size.stdout
Finished building: F401_FND_TEST3.bin
 
Finished building: F401_FND_TEST3.list
 
 
16:33:33 **** Incremental Build of configuration Debug for project F401_FND_TEST3 ****
make -j4 all 
arm-none-eabi-gcc "../Core/Src/main.c" -mcpu=cortex-m4 -std=gnu11 -g3 -DDEBUG -DUSE_HAL_DRIVER -DSTM32F401xE -c -I../Core/Inc -I../Drivers/STM32F4xx_HAL_Driver/Inc -I../Drivers/STM32F4xx_HAL_Driver/Inc/Legacy -I../Drivers/CMSIS/Device/ST/STM32F4xx/Include -I../Drivers/CMSIS/Include -O0 -ffunction-sections -fdata-sections -Wall -fstack-usage -MMD -MP -MF"Core/Src/main.d" -MT"Core/Src/main.o" --specs=nano.specs -mfpu=fpv4-sp-d16 -mfloat-abi=hard -mthumb -o "Core/Src/main.o"
arm-none-eabi-gcc -o "F401_FND_TEST3.elf" @"objects.list"   -mcpu=cortex-m4 -T"C:\02_My Project\01_MCU\Project\STM32F4_TEST\STM32F401\F401_FND\F401_FND_TEST3\STM32F401RETX_FLASH.ld" --specs=nosys.specs -Wl,-Map="F401_FND_TEST3.map" -Wl,--gc-sections -static --specs=nano.specs -mfpu=fpv4-sp-d16 -mfloat-abi=hard -mthumb -Wl,--start-group -lc -lm -Wl,--end-group
Finished building target: F401_FND_TEST3.elf
 
arm-none-eabi-size   F401_FND_TEST3.elf 
arm-none-eabi-objdump -h -S  F401_FND_TEST3.elf  > "F401_FND_TEST3.list"
arm-none-eabi-objcopy  -O binary  F401_FND_TEST3.elf  "F401_FND_TEST3.bin"
   text	   data	    bss	    dec	    hex	filename
   6992	     20	   1572	   8584	   2188	F401_FND_TEST3.elf
Finished building: default.size.stdout
 
Finished building: F401_FND_TEST3.bin
Finished building: F401_FND_TEST3.list
 
 
16:34:42 **** Incremental Build of configuration Debug for project F401_FND_TEST3 ****
make -j4 all 
arm-none-eabi-gcc "../Core/Src/main.c" -mcpu=cortex-m4 -std=gnu11 -g3 -DDEBUG -DUSE_HAL_DRIVER -DSTM32F401xE -c -I../Core/Inc -I../Drivers/STM32F4xx_HAL_Driver/Inc -I../Drivers/STM32F4xx_HAL_Driver/Inc/Legacy -I../Drivers/CMSIS/Device/ST/STM32F4xx/Include -I../Drivers/CMSIS/Include -O0 -ffunction-sections -fdata-sections -Wall -fstack-usage -MMD -MP -MF"Core/Src/main.d" -MT"Core/Src/main.o" --specs=nano.specs -mfpu=fpv4-sp-d16 -mfloat-abi=hard -mthumb -o "Core/Src/main.o"
arm-none-eabi-gcc -o "F401_FND_TEST3.elf" @"objects.list"   -mcpu=cortex-m4 -T"C:\02_My Project\01_MCU\Project\STM32F4_TEST\STM32F401\F401_FND\F401_FND_TEST3\STM32F401RETX_FLASH.ld" --specs=nosys.specs -Wl,-Map="F401_FND_TEST3.map" -Wl,--gc-sections -static --specs=nano.specs -mfpu=fpv4-sp-d16 -mfloat-abi=hard -mthumb -Wl,--start-group -lc -lm -Wl,--end-group
Finished building target: F401_FND_TEST3.elf
 
arm-none-eabi-size   F401_FND_TEST3.elf 
arm-none-eabi-objdump -h -S  F401_FND_TEST3.elf  > "F401_FND_TEST3.list"
arm-none-eabi-objcopy  -O binary  F401_FND_TEST3.elf  "F401_FND_TEST3.bin"
   text	   data	    bss	    dec	    hex	filename
   6992	     20	   1572	   8584	   2188	F401_FND_TEST3.elf
Finished building: default.size.stdout
 
Finished building: F401_FND_TEST3.bin
 
Finished building: F401_FND_TEST3.list
 
16:35:16 **** Incremental Build of configuration Debug for project F401_FND_TEST3 ****
make -j4 all 
arm-none-eabi-gcc "../Core/Src/main.c" -mcpu=cortex-m4 -std=gnu11 -g3 -DDEBUG -DUSE_HAL_DRIVER -DSTM32F401xE -c -I../Core/Inc -I../Drivers/STM32F4xx_HAL_Driver/Inc -I../Drivers/STM32F4xx_HAL_Driver/Inc/Legacy -I../Drivers/CMSIS/Device/ST/STM32F4xx/Include -I../Drivers/CMSIS/Include -O0 -ffunction-sections -fdata-sections -Wall -fstack-usage -MMD -MP -MF"Core/Src/main.d" -MT"Core/Src/main.o" --specs=nano.specs -mfpu=fpv4-sp-d16 -mfloat-abi=hard -mthumb -o "Core/Src/main.o"
arm-none-eabi-gcc -o "F401_FND_TEST3.elf" @"objects.list"   -mcpu=cortex-m4 -T"C:\02_My Project\01_MCU\Project\STM32F4_TEST\STM32F401\F401_FND\F401_FND_TEST3\STM32F401RETX_FLASH.ld" --specs=nosys.specs -Wl,-Map="F401_FND_TEST3.map" -Wl,--gc-sections -static --specs=nano.specs -mfpu=fpv4-sp-d16 -mfloat-abi=hard -mthumb -Wl,--start-group -lc -lm -Wl,--end-group
Finished building target: F401_FND_TEST3.elf
 
arm-none-eabi-size   F401_FND_TEST3.elf 
arm-none-eabi-objdump -h -S  F401_FND_TEST3.elf  > "F401_FND_TEST3.list"
arm-none-eabi-objcopy  -O binary  F401_FND_TEST3.elf  "F401_FND_TEST3.bin"
   text	   data	    bss	    dec	    hex	filename
   6992	     20	   1572	   8584	   2188	F401_FND_TEST3.elf
Finished building: default.size.stdout
 
Finished building: F401_FND_TEST3.list
Finished building: F401_FND_TEST3.bin
 
 
16:35:52 **** Incremental Build of configuration Debug for project F401_FND_TEST3 ****
make -j4 all 
arm-none-eabi-gcc "../Core/Src/main.c" -mcpu=cortex-m4 -std=gnu11 -g3 -DDEBUG -DUSE_HAL_DRIVER -DSTM32F401xE -c -I../Core/Inc -I../Drivers/STM32F4xx_HAL_Driver/Inc -I../Drivers/STM32F4xx_HAL_Driver/Inc/Legacy -I../Drivers/CMSIS/Device/ST/STM32F4xx/Include -I../Drivers/CMSIS/Include -O0 -ffunction-sections -fdata-sections -Wall -fstack-usage -MMD -MP -MF"Core/Src/main.d" -MT"Core/Src/main.o" --specs=nano.specs -mfpu=fpv4-sp-d16 -mfloat-abi=hard -mthumb -o "Core/Src/main.o"
arm-none-eabi-gcc -o "F401_FND_TEST3.elf" @"objects.list"   -mcpu=cortex-m4 -T"C:\02_My Project\01_MCU\Project\STM32F4_TEST\STM32F401\F401_FND\F401_FND_TEST3\STM32F401RETX_FLASH.ld" --specs=nosys.specs -Wl,-Map="F401_FND_TEST3.map" -Wl,--gc-sections -static --specs=nano.specs -mfpu=fpv4-sp-d16 -mfloat-abi=hard -mthumb -Wl,--start-group -lc -lm -Wl,--end-group
Finished building target: F401_FND_TEST3.elf
 
arm-none-eabi-size   F401_FND_TEST3.elf 
arm-none-eabi-objdump -h -S  F401_FND_TEST3.elf  > "F401_FND_TEST3.list"
arm-none-eabi-objcopy  -O binary  F401_FND_TEST3.elf  "F401_FND_TEST3.bin"
   text	   data	    bss	    dec	    hex	filename
   6992	     20	   1572	   8584	   2188	F401_FND_TEST3.elf
Finished building: default.size.stdout
 
Finished building: F401_FND_TEST3.bin
Finished building: F401_FND_TEST3.list
 
 
16:36:49 **** Incremental Build of configuration Debug for project F401_FND_TEST3 ****
make -j4 all 
arm-none-eabi-gcc "../Core/Src/main.c" -mcpu=cortex-m4 -std=gnu11 -g3 -DDEBUG -DUSE_HAL_DRIVER -DSTM32F401xE -c -I../Core/Inc -I../Drivers/STM32F4xx_HAL_Driver/Inc -I../Drivers/STM32F4xx_HAL_Driver/Inc/Legacy -I../Drivers/CMSIS/Device/ST/STM32F4xx/Include -I../Drivers/CMSIS/Include -O0 -ffunction-sections -fdata-sections -Wall -fstack-usage -MMD -MP -MF"Core/Src/main.d" -MT"Core/Src/main.o" --specs=nano.specs -mfpu=fpv4-sp-d16 -mfloat-abi=hard -mthumb -o "Core/Src/main.o"
arm-none-eabi-gcc -o "F401_FND_TEST3.elf" @"objects.list"   -mcpu=cortex-m4 -T"C:\02_My Project\01_MCU\Project\STM32F4_TEST\STM32F401\F401_FND\F401_FND_TEST3\STM32F401RETX_FLASH.ld" --specs=nosys.specs -Wl,-Map="F401_FND_TEST3.map" -Wl,--gc-sections -static --specs=nano.specs -mfpu=fpv4-sp-d16 -mfloat-abi=hard -mthumb -Wl,--start-group -lc -lm -Wl,--end-group
Finished building target: F401_FND_TEST3.elf
 
arm-none-eabi-size   F401_FND_TEST3.elf 
arm-none-eabi-objdump -h -S  F401_FND_TEST3.elf  > "F401_FND_TEST3.list"
arm-none-eabi-objcopy  -O binary  F401_FND_TEST3.elf  "F401_FND_TEST3.bin"
   text	   data	    bss	    dec	    hex	filename
   6992	     20	   1572	   8584	   2188	F401_FND_TEST3.elf
Finished building: default.size.stdout
 
Finished building: F401_FND_TEST3.bin
Finished building: F401_FND_TEST3.list
 
 
16:37:06 **** Incremental Build of configuration Debug for project F401_FND_TEST3 ****
make -j4 all 
arm-none-eabi-gcc "../Core/Src/main.c" -mcpu=cortex-m4 -std=gnu11 -g3 -DDEBUG -DUSE_HAL_DRIVER -DSTM32F401xE -c -I../Core/Inc -I../Drivers/STM32F4xx_HAL_Driver/Inc -I../Drivers/STM32F4xx_HAL_Driver/Inc/Legacy -I../Drivers/CMSIS/Device/ST/STM32F4xx/Include -I../Drivers/CMSIS/Include -O0 -ffunction-sections -fdata-sections -Wall -fstack-usage -MMD -MP -MF"Core/Src/main.d" -MT"Core/Src/main.o" --specs=nano.specs -mfpu=fpv4-sp-d16 -mfloat-abi=hard -mthumb -o "Core/Src/main.o"
arm-none-eabi-gcc -o "F401_FND_TEST3.elf" @"objects.list"   -mcpu=cortex-m4 -T"C:\02_My Project\01_MCU\Project\STM32F4_TEST\STM32F401\F401_FND\F401_FND_TEST3\STM32F401RETX_FLASH.ld" --specs=nosys.specs -Wl,-Map="F401_FND_TEST3.map" -Wl,--gc-sections -static --specs=nano.specs -mfpu=fpv4-sp-d16 -mfloat-abi=hard -mthumb -Wl,--start-group -lc -lm -Wl,--end-group
Finished building target: F401_FND_TEST3.elf
 
arm-none-eabi-size   F401_FND_TEST3.elf 
arm-none-eabi-objdump -h -S  F401_FND_TEST3.elf  > "F401_FND_TEST3.list"
arm-none-eabi-objcopy  -O binary  F401_FND_TEST3.elf  "F401_FND_TEST3.bin"
   text	   data	    bss	    dec	    hex	filename
   6992	     20	   1572	   8584	   2188	F401_FND_TEST3.elf
Finished building: default.size.stdout
 
Finished building: F401_FND_TEST3.bin
Finished building: F401_FND_TEST3.list
 
 
16:38:18 **** Incremental Build of configuration Debug for project F401_FND_TEST3 ****
make -j4 all 
arm-none-eabi-gcc "../Core/Src/main.c" -mcpu=cortex-m4 -std=gnu11 -g3 -DDEBUG -DUSE_HAL_DRIVER -DSTM32F401xE -c -I../Core/Inc -I../Drivers/STM32F4xx_HAL_Driver/Inc -I../Drivers/STM32F4xx_HAL_Driver/Inc/Legacy -I../Drivers/CMSIS/Device/ST/STM32F4xx/Include -I../Drivers/CMSIS/Include -O0 -ffunction-sections -fdata-sections -Wall -fstack-usage -MMD -MP -MF"Core/Src/main.d" -MT"Core/Src/main.o" --specs=nano.specs -mfpu=fpv4-sp-d16 -mfloat-abi=hard -mthumb -o "Core/Src/main.o"
arm-none-eabi-gcc -o "F401_FND_TEST3.elf" @"objects.list"   -mcpu=cortex-m4 -T"C:\02_My Project\01_MCU\Project\STM32F4_TEST\STM32F401\F401_FND\F401_FND_TEST3\STM32F401RETX_FLASH.ld" --specs=nosys.specs -Wl,-Map="F401_FND_TEST3.map" -Wl,--gc-sections -static --specs=nano.specs -mfpu=fpv4-sp-d16 -mfloat-abi=hard -mthumb -Wl,--start-group -lc -lm -Wl,--end-group
Finished building target: F401_FND_TEST3.elf
 
arm-none-eabi-size   F401_FND_TEST3.elf 
arm-none-eabi-objdump -h -S  F401_FND_TEST3.elf  > "F401_FND_TEST3.list"
arm-none-eabi-objcopy  -O binary  F401_FND_TEST3.elf  "F401_FND_TEST3.bin"
   text	   data	    bss	    dec	    hex	filename
   6992	     20	   1572	   8584	   2188	F401_FND_TEST3.elf
Finished building: default.size.stdout
 
Finished building: F401_FND_TEST3.bin
Finished building: F401_FND_TEST3.list
 
 
16:40:58 **** Incremental Build of configuration Debug for project F401_FND_TEST3 ****
make -j4 all 
arm-none-eabi-gcc "../Core/Src/main.c" -mcpu=cortex-m4 -std=gnu11 -g3 -DDEBUG -DUSE_HAL_DRIVER -DSTM32F401xE -c -I../Core/Inc -I../Drivers/STM32F4xx_HAL_Driver/Inc -I../Drivers/STM32F4xx_HAL_Driver/Inc/Legacy -I../Drivers/CMSIS/Device/ST/STM32F4xx/Include -I../Drivers/CMSIS/Include -O0 -ffunction-sections -fdata-sections -Wall -fstack-usage -MMD -MP -MF"Core/Src/main.d" -MT"Core/Src/main.o" --specs=nano.specs -mfpu=fpv4-sp-d16 -mfloat-abi=hard -mthumb -o "Core/Src/main.o"
arm-none-eabi-gcc -o "F401_FND_TEST3.elf" @"objects.list"   -mcpu=cortex-m4 -T"C:\02_My Project\01_MCU\Project\STM32F4_TEST\STM32F401\F401_FND\F401_FND_TEST3\STM32F401RETX_FLASH.ld" --specs=nosys.specs -Wl,-Map="F401_FND_TEST3.map" -Wl,--gc-sections -static --specs=nano.specs -mfpu=fpv4-sp-d16 -mfloat-abi=hard -mthumb -Wl,--start-group -lc -lm -Wl,--end-group
Finished building target: F401_FND_TEST3.elf
 
arm-none-eabi-size   F401_FND_TEST3.elf 
arm-none-eabi-objdump -h -S  F401_FND_TEST3.elf  > "F401_FND_TEST3.list"
arm-none-eabi-objcopy  -O binary  F401_FND_TEST3.elf  "F401_FND_TEST3.bin"
   text	   data	    bss	    dec	    hex	filename
   6992	     20	   1572	   8584	   2188	F401_FND_TEST3.elf
Finished building: default.size.stdout
 
Finished building: F401_FND_TEST3.bin
Finished building: F401_FND_TEST3.list
 
 
16:41:20 **** Incremental Build of configuration Debug for project F401_FND_TEST3 ****
make -j4 all 
arm-none-eabi-size   F401_FND_TEST3.elf 
   text	   data	    bss	    dec	    hex	filename
   6992	     20	   1572	   8584	   2188	F401_FND_TEST3.elf
Finished building: default.size.stdout
 
16:41:58 **** Incremental Build of configuration Debug for project F401_FND_TEST3 ****
make -j4 all 
arm-none-eabi-gcc "../Core/Src/main.c" -mcpu=cortex-m4 -std=gnu11 -g3 -DDEBUG -DUSE_HAL_DRIVER -DSTM32F401xE -c -I../Core/Inc -I../Drivers/STM32F4xx_HAL_Driver/Inc -I../Drivers/STM32F4xx_HAL_Driver/Inc/Legacy -I../Drivers/CMSIS/Device/ST/STM32F4xx/Include -I../Drivers/CMSIS/Include -O0 -ffunction-sections -fdata-sections -Wall -fstack-usage -MMD -MP -MF"Core/Src/main.d" -MT"Core/Src/main.o" --specs=nano.specs -mfpu=fpv4-sp-d16 -mfloat-abi=hard -mthumb -o "Core/Src/main.o"
arm-none-eabi-gcc -o "F401_FND_TEST3.elf" @"objects.list"   -mcpu=cortex-m4 -T"C:\02_My Project\01_MCU\Project\STM32F4_TEST\STM32F401\F401_FND\F401_FND_TEST3\STM32F401RETX_FLASH.ld" --specs=nosys.specs -Wl,-Map="F401_FND_TEST3.map" -Wl,--gc-sections -static --specs=nano.specs -mfpu=fpv4-sp-d16 -mfloat-abi=hard -mthumb -Wl,--start-group -lc -lm -Wl,--end-group
Finished building target: F401_FND_TEST3.elf
 
arm-none-eabi-size   F401_FND_TEST3.elf 
arm-none-eabi-objdump -h -S  F401_FND_TEST3.elf  > "F401_FND_TEST3.list"
arm-none-eabi-objcopy  -O binary  F401_FND_TEST3.elf  "F401_FND_TEST3.bin"
   text	   data	    bss	    dec	    hex	filename
   6992	     20	   1572	   8584	   2188	F401_FND_TEST3.elf
Finished building: default.size.stdout
 
Finished building: F401_FND_TEST3.bin
Finished building: F401_FND_TEST3.list
 
 
16:42:29 **** Incremental Build of configuration Debug for project F401_FND_TEST3 ****
make -j4 all 
arm-none-eabi-gcc "../Core/Src/main.c" -mcpu=cortex-m4 -std=gnu11 -g3 -DDEBUG -DUSE_HAL_DRIVER -DSTM32F401xE -c -I../Core/Inc -I../Drivers/STM32F4xx_HAL_Driver/Inc -I../Drivers/STM32F4xx_HAL_Driver/Inc/Legacy -I../Drivers/CMSIS/Device/ST/STM32F4xx/Include -I../Drivers/CMSIS/Include -O0 -ffunction-sections -fdata-sections -Wall -fstack-usage -MMD -MP -MF"Core/Src/main.d" -MT"Core/Src/main.o" --specs=nano.specs -mfpu=fpv4-sp-d16 -mfloat-abi=hard -mthumb -o "Core/Src/main.o"
arm-none-eabi-gcc -o "F401_FND_TEST3.elf" @"objects.list"   -mcpu=cortex-m4 -T"C:\02_My Project\01_MCU\Project\STM32F4_TEST\STM32F401\F401_FND\F401_FND_TEST3\STM32F401RETX_FLASH.ld" --specs=nosys.specs -Wl,-Map="F401_FND_TEST3.map" -Wl,--gc-sections -static --specs=nano.specs -mfpu=fpv4-sp-d16 -mfloat-abi=hard -mthumb -Wl,--start-group -lc -lm -Wl,--end-group
Finished building target: F401_FND_TEST3.elf
 
arm-none-eabi-size   F401_FND_TEST3.elf 
arm-none-eabi-objdump -h -S  F401_FND_TEST3.elf  > "F401_FND_TEST3.list"
arm-none-eabi-objcopy  -O binary  F401_FND_TEST3.elf  "F401_FND_TEST3.bin"
   text	   data	    bss	    dec	    hex	filename
   6992	     20	   1572	   8584	   2188	F401_FND_TEST3.elf
Finished building: default.size.stdout
 
Finished building: F401_FND_TEST3.bin
Finished building: F401_FND_TEST3.list
 
 
16:42:54 **** Incremental Build of configuration Debug for project F401_FND_TEST3 ****
make -j4 all 
arm-none-eabi-gcc "../Core/Src/main.c" -mcpu=cortex-m4 -std=gnu11 -g3 -DDEBUG -DUSE_HAL_DRIVER -DSTM32F401xE -c -I../Core/Inc -I../Drivers/STM32F4xx_HAL_Driver/Inc -I../Drivers/STM32F4xx_HAL_Driver/Inc/Legacy -I../Drivers/CMSIS/Device/ST/STM32F4xx/Include -I../Drivers/CMSIS/Include -O0 -ffunction-sections -fdata-sections -Wall -fstack-usage -MMD -MP -MF"Core/Src/main.d" -MT"Core/Src/main.o" --specs=nano.specs -mfpu=fpv4-sp-d16 -mfloat-abi=hard -mthumb -o "Core/Src/main.o"
arm-none-eabi-gcc -o "F401_FND_TEST3.elf" @"objects.list"   -mcpu=cortex-m4 -T"C:\02_My Project\01_MCU\Project\STM32F4_TEST\STM32F401\F401_FND\F401_FND_TEST3\STM32F401RETX_FLASH.ld" --specs=nosys.specs -Wl,-Map="F401_FND_TEST3.map" -Wl,--gc-sections -static --specs=nano.specs -mfpu=fpv4-sp-d16 -mfloat-abi=hard -mthumb -Wl,--start-group -lc -lm -Wl,--end-group
Finished building target: F401_FND_TEST3.elf
 
arm-none-eabi-size   F401_FND_TEST3.elf 
arm-none-eabi-objdump -h -S  F401_FND_TEST3.elf  > "F401_FND_TEST3.list"
arm-none-eabi-objcopy  -O binary  F401_FND_TEST3.elf  "F401_FND_TEST3.bin"
   text	   data	    bss	    dec	    hex	filename
   6992	     20	   1572	   8584	   2188	F401_FND_TEST3.elf
Finished building: default.size.stdout
 
Finished building: F401_FND_TEST3.bin
Finished building: F401_FND_TEST3.list
 
 
16:43:45 **** Incremental Build of configuration Debug for project F401_FND_TEST3 ****
make -j4 all 
arm-none-eabi-gcc "../Core/Src/main.c" -mcpu=cortex-m4 -std=gnu11 -g3 -DDEBUG -DUSE_HAL_DRIVER -DSTM32F401xE -c -I../Core/Inc -I../Drivers/STM32F4xx_HAL_Driver/Inc -I../Drivers/STM32F4xx_HAL_Driver/Inc/Legacy -I../Drivers/CMSIS/Device/ST/STM32F4xx/Include -I../Drivers/CMSIS/Include -O0 -ffunction-sections -fdata-sections -Wall -fstack-usage -MMD -MP -MF"Core/Src/main.d" -MT"Core/Src/main.o" --specs=nano.specs -mfpu=fpv4-sp-d16 -mfloat-abi=hard -mthumb -o "Core/Src/main.o"
arm-none-eabi-gcc -o "F401_FND_TEST3.elf" @"objects.list"   -mcpu=cortex-m4 -T"C:\02_My Project\01_MCU\Project\STM32F4_TEST\STM32F401\F401_FND\F401_FND_TEST3\STM32F401RETX_FLASH.ld" --specs=nosys.specs -Wl,-Map="F401_FND_TEST3.map" -Wl,--gc-sections -static --specs=nano.specs -mfpu=fpv4-sp-d16 -mfloat-abi=hard -mthumb -Wl,--start-group -lc -lm -Wl,--end-group
Finished building target: F401_FND_TEST3.elf
 
arm-none-eabi-size   F401_FND_TEST3.elf 
arm-none-eabi-objdump -h -S  F401_FND_TEST3.elf  > "F401_FND_TEST3.list"
arm-none-eabi-objcopy  -O binary  F401_FND_TEST3.elf  "F401_FND_TEST3.bin"
   text	   data	    bss	    dec	    hex	filename
   6992	     20	   1572	   8584	   2188	F401_FND_TEST3.elf
Finished building: default.size.stdout
 
Finished building: F401_FND_TEST3.bin
Finished building: F401_FND_TEST3.list
 
 
16:46:51 **** Incremental Build of configuration Debug for project F401_FND_TEST3 ****
make -j4 all 
arm-none-eabi-gcc "../Core/Src/main.c" -mcpu=cortex-m4 -std=gnu11 -g3 -DDEBUG -DUSE_HAL_DRIVER -DSTM32F401xE -c -I../Core/Inc -I../Drivers/STM32F4xx_HAL_Driver/Inc -I../Drivers/STM32F4xx_HAL_Driver/Inc/Legacy -I../Drivers/CMSIS/Device/ST/STM32F4xx/Include -I../Drivers/CMSIS/Include -O0 -ffunction-sections -fdata-sections -Wall -fstack-usage -MMD -MP -MF"Core/Src/main.d" -MT"Core/Src/main.o" --specs=nano.specs -mfpu=fpv4-sp-d16 -mfloat-abi=hard -mthumb -o "Core/Src/main.o"
arm-none-eabi-gcc -o "F401_FND_TEST3.elf" @"objects.list"   -mcpu=cortex-m4 -T"C:\02_My Project\01_MCU\Project\STM32F4_TEST\STM32F401\F401_FND\F401_FND_TEST3\STM32F401RETX_FLASH.ld" --specs=nosys.specs -Wl,-Map="F401_FND_TEST3.map" -Wl,--gc-sections -static --specs=nano.specs -mfpu=fpv4-sp-d16 -mfloat-abi=hard -mthumb -Wl,--start-group -lc -lm -Wl,--end-group
Finished building target: F401_FND_TEST3.elf
 
arm-none-eabi-size   F401_FND_TEST3.elf 
arm-none-eabi-objdump -h -S  F401_FND_TEST3.elf  > "F401_FND_TEST3.list"
arm-none-eabi-objcopy  -O binary  F401_FND_TEST3.elf  "F401_FND_TEST3.bin"
   text	   data	    bss	    dec	    hex	filename
   6992	     20	   1572	   8584	   2188	F401_FND_TEST3.elf
Finished building: default.size.stdout
 
Finished building: F401_FND_TEST3.bin
Finished building: F401_FND_TEST3.list
 
 
16:47:40 **** Incremental Build of configuration Debug for project F401_FND_TEST3 ****
make -j4 all 
arm-none-eabi-gcc "../Core/Src/main.c" -mcpu=cortex-m4 -std=gnu11 -g3 -DDEBUG -DUSE_HAL_DRIVER -DSTM32F401xE -c -I../Core/Inc -I../Drivers/STM32F4xx_HAL_Driver/Inc -I../Drivers/STM32F4xx_HAL_Driver/Inc/Legacy -I../Drivers/CMSIS/Device/ST/STM32F4xx/Include -I../Drivers/CMSIS/Include -O0 -ffunction-sections -fdata-sections -Wall -fstack-usage -MMD -MP -MF"Core/Src/main.d" -MT"Core/Src/main.o" --specs=nano.specs -mfpu=fpv4-sp-d16 -mfloat-abi=hard -mthumb -o "Core/Src/main.o"
arm-none-eabi-gcc -o "F401_FND_TEST3.elf" @"objects.list"   -mcpu=cortex-m4 -T"C:\02_My Project\01_MCU\Project\STM32F4_TEST\STM32F401\F401_FND\F401_FND_TEST3\STM32F401RETX_FLASH.ld" --specs=nosys.specs -Wl,-Map="F401_FND_TEST3.map" -Wl,--gc-sections -static --specs=nano.specs -mfpu=fpv4-sp-d16 -mfloat-abi=hard -mthumb -Wl,--start-group -lc -lm -Wl,--end-group
Finished building target: F401_FND_TEST3.elf
 
arm-none-eabi-size   F401_FND_TEST3.elf 
arm-none-eabi-objdump -h -S  F401_FND_TEST3.elf  > "F401_FND_TEST3.list"
arm-none-eabi-objcopy  -O binary  F401_FND_TEST3.elf  "F401_FND_TEST3.bin"
   text	   data	    bss	    dec	    hex	filename
   6992	     20	   1572	   8584	   2188	F401_FND_TEST3.elf
Finished building: default.size.stdout
 
Finished building: F401_FND_TEST3.list
Finished building: F401_FND_TEST3.bin
 
 
16:47:59 **** Incremental Build of configuration Debug for project F401_FND_TEST3 ****
make -j4 all 
arm-none-eabi-gcc "../Core/Src/main.c" -mcpu=cortex-m4 -std=gnu11 -g3 -DDEBUG -DUSE_HAL_DRIVER -DSTM32F401xE -c -I../Core/Inc -I../Drivers/STM32F4xx_HAL_Driver/Inc -I../Drivers/STM32F4xx_HAL_Driver/Inc/Legacy -I../Drivers/CMSIS/Device/ST/STM32F4xx/Include -I../Drivers/CMSIS/Include -O0 -ffunction-sections -fdata-sections -Wall -fstack-usage -MMD -MP -MF"Core/Src/main.d" -MT"Core/Src/main.o" --specs=nano.specs -mfpu=fpv4-sp-d16 -mfloat-abi=hard -mthumb -o "Core/Src/main.o"
arm-none-eabi-gcc -o "F401_FND_TEST3.elf" @"objects.list"   -mcpu=cortex-m4 -T"C:\02_My Project\01_MCU\Project\STM32F4_TEST\STM32F401\F401_FND\F401_FND_TEST3\STM32F401RETX_FLASH.ld" --specs=nosys.specs -Wl,-Map="F401_FND_TEST3.map" -Wl,--gc-sections -static --specs=nano.specs -mfpu=fpv4-sp-d16 -mfloat-abi=hard -mthumb -Wl,--start-group -lc -lm -Wl,--end-group
Finished building target: F401_FND_TEST3.elf
 
arm-none-eabi-size   F401_FND_TEST3.elf 
arm-none-eabi-objdump -h -S  F401_FND_TEST3.elf  > "F401_FND_TEST3.list"
arm-none-eabi-objcopy  -O binary  F401_FND_TEST3.elf  "F401_FND_TEST3.bin"
   text	   data	    bss	    dec	    hex	filename
   6992	     20	   1572	   8584	   2188	F401_FND_TEST3.elf
Finished building: default.size.stdout
 
Finished building: F401_FND_TEST3.bin
Finished building: F401_FND_TEST3.list
 
 
16:48:37 **** Incremental Build of configuration Debug for project F401_FND_TEST3 ****
make -j4 all 
arm-none-eabi-gcc "../Core/Src/main.c" -mcpu=cortex-m4 -std=gnu11 -g3 -DDEBUG -DUSE_HAL_DRIVER -DSTM32F401xE -c -I../Core/Inc -I../Drivers/STM32F4xx_HAL_Driver/Inc -I../Drivers/STM32F4xx_HAL_Driver/Inc/Legacy -I../Drivers/CMSIS/Device/ST/STM32F4xx/Include -I../Drivers/CMSIS/Include -O0 -ffunction-sections -fdata-sections -Wall -fstack-usage -MMD -MP -MF"Core/Src/main.d" -MT"Core/Src/main.o" --specs=nano.specs -mfpu=fpv4-sp-d16 -mfloat-abi=hard -mthumb -o "Core/Src/main.o"
arm-none-eabi-gcc -o "F401_FND_TEST3.elf" @"objects.list"   -mcpu=cortex-m4 -T"C:\02_My Project\01_MCU\Project\STM32F4_TEST\STM32F401\F401_FND\F401_FND_TEST3\STM32F401RETX_FLASH.ld" --specs=nosys.specs -Wl,-Map="F401_FND_TEST3.map" -Wl,--gc-sections -static --specs=nano.specs -mfpu=fpv4-sp-d16 -mfloat-abi=hard -mthumb -Wl,--start-group -lc -lm -Wl,--end-group
Finished building target: F401_FND_TEST3.elf
 
arm-none-eabi-size   F401_FND_TEST3.elf 
arm-none-eabi-objdump -h -S  F401_FND_TEST3.elf  > "F401_FND_TEST3.list"
arm-none-eabi-objcopy  -O binary  F401_FND_TEST3.elf  "F401_FND_TEST3.bin"
   text	   data	    bss	    dec	    hex	filename
   6992	     20	   1572	   8584	   2188	F401_FND_TEST3.elf
Finished building: default.size.stdout
 
Finished building: F401_FND_TEST3.bin
Finished building: F401_FND_TEST3.list
 
 
16:50:06 **** Incremental Build of configuration Debug for project F401_FND_TEST3 ****
make -j4 all 
arm-none-eabi-size   F401_FND_TEST3.elf 
   text	   data	    bss	    dec	    hex	filename
   6992	     20	   1572	   8584	   2188	F401_FND_TEST3.elf
Finished building: default.size.stdout
 
16:50:36 **** Incremental Build of configuration Debug for project F401_FND_TEST3 ****
make -j4 all 
arm-none-eabi-size   F401_FND_TEST3.elf 
   text	   data	    bss	    dec	    hex	filename
   6992	     20	   1572	   8584	   2188	F401_FND_TEST3.elf
Finished building: default.size.stdout
 
