17:32:28 **** Incremental Build of configuration Debug for project F401_FND_TEST4 ****
make -j4 all 
arm-none-eabi-gcc "../Core/Src/main.c" -mcpu=cortex-m4 -std=gnu11 -g3 -DDEBUG -DUSE_HAL_DRIVER -DSTM32F401xE -c -I../Core/Inc -I../Drivers/STM32F4xx_HAL_Driver/Inc -I../Drivers/STM32F4xx_HAL_Driver/Inc/Legacy -I../Drivers/CMSIS/Device/ST/STM32F4xx/Include -I../Drivers/CMSIS/Include -O0 -ffunction-sections -fdata-sections -Wall -fstack-usage -MMD -MP -MF"Core/Src/main.d" -MT"Core/Src/main.o" --specs=nano.specs -mfpu=fpv4-sp-d16 -mfloat-abi=hard -mthumb -o "Core/Src/main.o"
arm-none-eabi-gcc -o "F401_FND_TEST4.elf" @"objects.list"   -mcpu=cortex-m4 -T"C:\02_My Project\01_MCU\Project\STM32F4_TEST\STM32F401\F401_FND\F401_FND_TEST4\STM32F401RETX_FLASH.ld" --specs=nosys.specs -Wl,-Map="F401_FND_TEST4.map" -Wl,--gc-sections -static --specs=nano.specs -mfpu=fpv4-sp-d16 -mfloat-abi=hard -mthumb -Wl,--start-group -lc -lm -Wl,--end-group
Finished building target: F401_FND_TEST4.elf
 
arm-none-eabi-size   F401_FND_TEST4.elf 
arm-none-eabi-objdump -h -S  F401_FND_TEST4.elf  > "F401_FND_TEST4.list"
arm-none-eabi-objcopy  -O binary  F401_FND_TEST4.elf  "F401_FND_TEST4.bin"
   text	   data	    bss	    dec	    hex	filename
   6676	     20	   1572	   8268	   204c	F401_FND_TEST4.elf
Finished building: default.size.stdout
 
Finished building: F401_FND_TEST4.bin
 
Finished building: F401_FND_TEST4.list
 
